{"world":"{\"w\":72,\"h\":44,\"complexity\":\"lean\",\"caps\":{\"herbivore\":300,\"predator\":80,\"person\":250,\"corpse\":500,\"camp\":40,\"settlement\":40,\"faction\":12}}"}
{"year":36,"stop":"milestone","milestone":"recorded knowledge (Polymer Inscription or Recorded Governance)","people":50,"townPeople":32,"towns":3,"cities":0,"towers":0,"factories":0,"links":0,"ships":0,"shortfall":["2 cities at the urban stage","current in 2 towns","2 tower blocks or offices","1 working factories","a paved road or rail between two towns"],"toll":0,"skip":1,"min":0.2}
{"year":39,"stop":"milestone","milestone":"a Civic hall under construction","people":49,"townPeople":29,"towns":4,"cities":0,"towers":0,"factories":0,"links":0,"ships":0,"shortfall":["2 cities at the urban stage","current in 2 towns","2 tower blocks or offices","1 working factories","a paved road or rail between two towns"],"toll":1,"skip":2,"min":0.4}
{"year":40,"stop":"milestone","milestone":"a completed Civic hall","people":49,"townPeople":31,"towns":4,"cities":0,"towers":0,"factories":0,"links":0,"ships":0,"shortfall":["2 cities at the urban stage","current in 2 towns","2 tower blocks or offices","1 working factories","a paved road or rail between two towns"],"toll":0,"skip":3,"min":0.4}
{"year":40,"stop":"epoch","milestone":"an epoch boundary","people":49,"townPeople":32,"towns":4,"cities":0,"towers":0,"factories":0,"links":0,"ships":0,"shortfall":["2 cities at the urban stage","current in 2 towns","2 tower blocks or offices","1 working factories","a paved road or rail between two towns"],"toll":0,"skip":4,"min":0.4}
{"year":43,"stop":"milestone","milestone":"a completed Catalytic clinic","people":49,"townPeople":34,"towns":4,"cities":0,"towers":0,"factories":0,"links":0,"ships":0,"shortfall":["2 cities at the urban stage","current in 2 towns","2 tower blocks or offices","1 working factories","a paved road or rail between two towns"],"toll":0,"skip":5,"min":0.5}
{"year":46,"stop":"milestone","milestone":"a full civic center (hall and clinic together)","people":48,"townPeople":30,"towns":4,"cities":0,"towers":0,"factories":0,"links":0,"ships":0,"shortfall":["2 cities at the urban stage","current in 2 towns","2 tower blocks or offices","1 working factories","a paved road or rail between two towns"],"toll":1,"skip":6,"min":0.7}
{"year":53,"stop":"epoch","milestone":"an epoch boundary","people":43,"townPeople":30,"towns":4,"cities":1,"towers":0,"factories":0,"links":0,"ships":0,"shortfall":["2 cities at the urban stage","current in 2 towns","2 tower blocks or offices","1 working factories","a paved road or rail between two towns"],"toll":5,"skip":7,"min":1.1}
{"year":57,"stop":"milestone","milestone":"Ore Reduction metallurgy","people":39,"townPeople":18,"towns":2,"cities":0,"towers":0,"factories":0,"links":0,"ships":0,"shortfall":["2 cities at the urban stage","current in 2 towns","2 tower blocks or offices","1 working factories","a paved road or rail between two towns","20 people living in towns"],"toll":4,"skip":8,"min":1.3}
{"year":61,"stop":"milestone","milestone":"Terrestrial Mechanization","people":38,"townPeople":21,"towns":3,"cities":0,"towers":0,"factories":0,"links":0,"ships":0,"shortfall":["2 cities at the urban stage","current in 2 towns","2 tower blocks or offices","1 working factories","a paved road or rail between two towns"],"toll":1,"skip":9,"min":1.4}
{"year":65,"stop":"milestone","milestone":"completed Waterworks","people":37,"townPeople":23,"towns":3,"cities":0,"towers":0,"factories":0,"links":0,"ships":0,"shortfall":["2 cities at the urban stage","current in 2 towns","2 tower blocks or offices","1 working factories","a paved road or rail between two towns"],"toll":1,"skip":10,"min":1.6}
{"year":82,"stop":"milestone","milestone":"Planetary Stewardship","people":40,"townPeople":28,"towns":3,"cities":2,"towers":0,"factories":0,"links":0,"ships":0,"shortfall":["current in 2 towns","2 tower blocks or offices","1 working factories","a paved road or rail between two towns"],"toll":0,"skip":11,"min":2.4}
{"year":89,"stop":"milestone","milestone":"Electricity","people":37,"townPeople":23,"towns":4,"cities":2,"towers":0,"factories":0,"links":0,"ships":0,"shortfall":["2 tower blocks or offices","1 working factories","a paved road or rail between two towns"],"toll":3,"skip":12,"min":2.7}
{"year":89,"stop":"epoch","milestone":"an epoch boundary","people":36,"townPeople":16,"towns":4,"cities":2,"towers":0,"factories":0,"links":0,"ships":0,"shortfall":["2 tower blocks or offices","1 working factories","a paved road or rail between two towns","20 people living in towns"],"toll":1,"skip":13,"min":2.7}
{"year":90,"stop":"milestone","milestone":"20 people living in towns","people":35,"townPeople":20,"towns":4,"cities":2,"towers":0,"factories":0,"links":0,"ships":0,"shortfall":["2 tower blocks or offices","1 working factories","a paved road or rail between two towns"],"toll":1,"skip":14,"min":2.7}
{"year":92,"stop":"milestone","milestone":"Astronomy","people":36,"townPeople":25,"towns":4,"cities":2,"towers":0,"factories":0,"links":0,"ships":0,"shortfall":["2 tower blocks or offices","1 working factories","a paved road or rail between two towns"],"toll":0,"skip":15,"min":2.8}
{"year":95,"stop":"milestone","milestone":"2 tower blocks or offices","people":43,"townPeople":14,"towns":4,"cities":2,"towers":2,"factories":0,"links":0,"ships":0,"shortfall":["1 working factories","a paved road or rail between two towns","20 people living in towns"],"toll":0,"skip":16,"min":3}
{"year":98,"stop":"milestone","milestone":"1 working factories","people":38,"townPeople":21,"towns":3,"cities":2,"towers":3,"factories":1,"links":0,"ships":0,"shortfall":["a paved road or rail between two towns"],"toll":5,"skip":17,"min":3.1}
{"year":101,"stop":"milestone","milestone":"a paved road or rail between two towns","people":35,"townPeople":25,"towns":3,"cities":2,"towers":3,"factories":1,"links":1,"ships":0,"shortfall":[],"toll":3,"skip":18,"min":3.2}
{"year":113,"stop":"milestone","milestone":"a completed Launch tower","people":47,"townPeople":25,"towns":4,"cities":2,"towers":4,"factories":1,"links":5,"ships":0,"shortfall":[],"toll":0,"skip":19,"min":3.7}
{"year":117,"stop":"milestone","milestone":"Starflight","people":48,"townPeople":29,"towns":4,"cities":2,"towers":4,"factories":1,"links":5,"ships":0,"shortfall":[],"toll":0,"skip":20,"min":3.9}
{"year":117,"stop":"milestone","milestone":"the first ship away","people":48,"townPeople":28,"towns":4,"cities":2,"towers":4,"factories":1,"links":5,"ships":1,"shortfall":[],"toll":0,"skip":21,"min":3.9}
